89.191.52.88 - - [19/May/2015:10:05:45 +0000] "GET /images/jordan-80.png HTTP/1.1" 200 6146 "http://www.semicomplete.com/projects/xdotool/" "Mozilla/5.0 (X11; Ubuntu; Linux x86_64; rv:27.0) Gecko/20100101 Firefox/27.0"
85.254.143.114 - - [19/May/2015:10:05:47 +0000] "GET /projects/xdotool/xdotool.xhtml HTTP/1.1" 200 50112 "http://www.google.lv/url?sa=t&rct=j&q=&esrc=s&source=web&cd=1&ved=0CC8QFjAA&url=http%3A%2F%2Fwww.semicomplete.com%2Fprojects%2Fxdotool%2Fxdotool.xhtml&ei=eOIBU8_rHIKI5ATghYCYAw&usg=AFQjCNFwZFAI0RQdN_N0kFH-oj8cLsJRNQ&bvm=bv.61535280,d.bGE" "Mozilla/5.0 (X11; Linux i686; rv:13.0) Gecko/20100101 Firefox/13.0.1"
85.254.143.114 - - [19/May/2015:10:05:02 +0000] "GET /favicon.ico HTTP/1.1" 200 3638 "-" "Mozilla/5.0 (X11; Linux i686; rv:13.0) Gecko/20100101 Firefox/13.0.1"
66.249.73.135 - - [19/May/2015:10:05:52 +0000] "GET /?flav=rss20 HTTP/1.1" 200 29941 "-" "Mozilla/5.0 (compatible; Googlebot/2.1; +http://www.google.com/bot.html)"
89.191.52.88 - - [19/May/2015:11:05:41 +0000] "GET /projects/xdotool/xdotool.xhtml HTTP/1.1" 200 50112 "http://www.semicomplete.com/projects/xdotool/" "Mozilla/5.0 (X11; Ubuntu; Linux x86_64; rv:27.0) Gecko/20100101 Firefox/27.0"
201.242.142.135 - - [19/May/2015:11:05:10 +0000] "GET /files/logstash/ HTTP/1.0" 200 13316 "http://\xe4\xe5\xe3\xf2\xff\xf0\xed\xee\xe5-\xec\xfb\xeb\xee.\xf0\xf4/" "Mozilla/5.0 (Windows NT 6.1; rv:11.0) Gecko/20100101 Firefox/11.0"
68.180.224.225 - - [19/May/2015:11:05:20 +0000] "GET /blog/tags/management HTTP/1.1" 200 8764 "-" "Mozilla/5.0 (compatible; Yahoo! Slurp; http://help.yahoo.com/help/us/ysearch/slurp)"
186.93.30.106 - - [19/May/2015:11:05:15 +0000] "GET /files/logstash/ HTTP/1.0" 200 13316 "http://\xe4\xe5\xe3\xf2\xff\xf0\xed\xee\xe5-\xec\xfb\xeb\xee.\xf0\xf4/" "Mozilla/5.0 (iPad; CPU OS 6_0_1 like Mac OS X) AppleWebKit/536.26 (KHTML, like Gecko) Version/6.0 Mobile/10A523 Safari/8536.25"
78.173.140.106 - - [19/May/2015:11:05:57 +0000] "POST /blog/geekery/pyblosxom-mdate-vim-hack.html/trackback/ HTTP/1.1" 404 7861 "http://www.semicomplete.com/blog/geekery/pyblosxom-mdate-vim-hack.html" "-"
182.68.184.78 - - [19/May/2015:11:05:42 +0000] "GET /projects/xdotool/xdotool.xhtml HTTP/1.1" 200 50112 "http://www.google.co.in/url?sa=t&rct=j&q=&esrc=s&source=web&cd=1&cad=rja&ved=0CCUQFjAA&url=http%3A%2F%2Fwww.semicomplete.com%2Fprojects%2Fxdotool%2Fxdotool.xhtml&ei=2eIBU7DZOM7_rAeazIHIDQ&usg=AFQjCNFwZFAI0RQdN_N0kFH-oj8cLsJRNQ&sig2=rsN3udunwq_w79qQKO0b4Q&bvm=bv.61535280,d.bmk" "Mozilla/5.0 (X11; Linux i686; rv:27.0) Gecko/20100101 Firefox/27.0"
1.22.35.226 - - [19/May/2015:11:05:46 +0000] "GET /projects/xdotool/ HTTP/1.1" 200 12292 "http://unix.stackexchange.com/questions/38867/is-it-possible-to-retrieve-the-active-window-process-title-in-gnome" "Mozilla/5.0 (Windows NT 6.1; rv:26.0) Gecko/20100101 Firefox/26.0"
182.68.184.78 - - [19/May/2015:11:05:26 +0000] "GET /favicon.ico HTTP/1.1" 200 3638 "-" "Mozilla/5.0 (X11; Linux i686; rv:27.0) Gecko/20100101 Firefox/27.0"
1.22.35.226 - - [19/May/2015:11:05:07 +0000] "GET /style2.css HTTP/1.1" 200 4877 "http://www.semicomplete.com/projects/xdotool/" "Mozilla/5.0 (Windows NT 6.1; rv:26.0) Gecko/20100101 Firefox/26.0"
1.22.35.226 - - [19/May/2015:11:05:36 +0000] "GET /favicon.ico HTTP/1.1" 200 3638 "-" "Mozilla/5.0 (Windows NT 6.1; rv:26.0) Gecko/20100101 Firefox/26.0"
186.93.16.149 - - [19/May/2015:11:05:57 +0000] "GET /files/logstash/ HTTP/1.0" 200 13316 "http://\xe4\xe5\xe3\xf2\xff\xf0\xed\xee\xe5-\xec\xfb\xeb\xee.\xf0\xf4/" "Mozilla/4.0 (compatible; MSIE 6.0; Windows NT 5.1; SV1)"
208.91.156.11 - - [19/May/2015:11:05:16 +0000] "GET /files/logstash/logstash-1.3.2-monolithic.jar HTTP/1.1" 404 324 "-" "Chef Client/10.18.2 (ruby-1.9.3-p327; ohai-6.16.0; x86_64-linux; +http://opscode.com)"
1.22.35.226 - - [19/May/2015:11:05:49 +0000] "GET /reset.css HTTP/1.1" 200 1015 "http://www.semicomplete.com/projects/xdotool/" "Mozilla/5.0 (Windows NT 6.1; rv:26.0) Gecko/20100101 Firefox/26.0"
1.22.35.226 - - [19/May/2015:11:05:27 +0000] "GET /images/jordan-80.png HTTP/1.1" 200 6146 "http://www.semicomplete.com/projects/xdotool/" "Mozilla/5.0 (Windows NT 6.1; rv:26.0) Gecko/20100101 Firefox/26.0"
1.22.35.226 - - [19/May/2015:11:05:43 +0000] "GET /images/web/2009/banner.png HTTP/1.1" 200 52315 "http://www.semicomplete.com/style2.css" "Mozilla/5.0 (Windows NT 6.1; rv:26.0) Gecko/20100101 Firefox/26.0"
195.14.103.53 - - [19/May/2015:11:05:07 +0000] "GET /projects/xdotool/ HTTP/1.1" 200 12292 "https://www.google.it/" "Mozilla/5.0 (X11; Linux x86_64) AppleWebKit/537.36 (KHTML, like Gecko) Ubuntu Chromium/32.0.1700.102 Chrome/32.0.1700.102 Safari/537.36"
195.14.103.53 - - [19/May/2015:11:05:15 +0000] "GET /reset.css HTTP/1.1" 200 1015 "http://www.semicomplete.com/projects/xdotool/" "Mozilla/5.0 (X11; Linux x86_64) AppleWebKit/537.36 (KHTML, like Gecko) Ubuntu Chromium/32.0.1700.102 Chrome/32.0.1700.102 Safari/537.36"
195.14.103.53 - - [19/May/2015:11:05:52 +0000] "GET /images/jordan-80.png HTTP/1.1" 200 6146 "http://www.semicomplete.com/projects/xdotool/" "Mozilla/5.0 (X11; Linux x86_64) AppleWebKit/537.36 (KHTML, like Gecko) Ubuntu Chromium/32.0.1700.102 Chrome/32.0.1700.102 Safari/537.36"
195.14.103.53 - - [19/May/2015:11:05:23 +0000] "GET /style2.css HTTP/1.1" 200 4877 "http://www.semicomplete.com/projects/xdotool/" "Mozilla/5.0 (X11; Linux x86_64) AppleWebKit/537.36 (KHTML, like Gecko) Ubuntu Chromium/32.0.1700.102 Chrome/32.0.1700.102 Safari/537.36"
195.14.103.53 - - [19/May/2015:11:05:56 +0000] "GET /images/web/2009/banner.png HTTP/1.1" 200 52315 "http://www.semicomplete.com/projects/xdotool/" "Mozilla/5.0 (X11; Linux x86_64) AppleWebKit/537.36 (KHTML, like Gecko) Ubuntu Chromium/32.0.1700.102 Chrome/32.0.1700.102 Safari/537.36"
195.14.103.53 - - [19/May/2015:11:05:17 +0000] "GET /favicon.ico HTTP/1.1" 200 3638 "-" "Mozilla/5.0 (X11; Linux x86_64) AppleWebKit/537.36 (KHTML, like Gecko) Ubuntu Chromium/32.0.1700.102 Chrome/32.0.1700.102 Safari/537.36"
195.14.103.53 - - [19/May/2015:11:05:42 +0000] "GET /projects/xdotool/xdotool.xhtml HTTP/1.1" 200 50112 "https://www.google.it/" "Mozilla/5.0 (X11; Linux x86_64) AppleWebKit/537.36 (KHTML, like Gecko) Ubuntu Chromium/32.0.1700.102 Chrome/32.0.1700.102 Safari/537.36"
212.234.218.51 - - [19/May/2015:11:05:24 +0000] "GET /presentations/logstash-scale11x/images/logstash.png HTTP/1.1" 200 47731 "http://kufli.blogspot.fr/2013/07/log-analysis-using-logstash.html" "Mozilla/5.0 (X11; Linux x86_64; rv:26.0) Gecko/20100101 Firefox/26.0"
46.105.14.53 - - [19/May/2015:11:05:48 +0000] "GET /blog/tags/puppet?flav=rss20 HTTP/1.1" 200 14872 "-" "UniversalFeedParser/4.2-pre-314-svn +http://feedparser.org/"
68.180.224.225 - - [19/May/2015:11:05:25 +0000] "GET /projects/grok HTTP/1.1" 301 341 "-" "Mozilla/5.0 (compatible; Yahoo! Slurp; http://help.yahoo.com/help/us/ysearch/slurp)"
50.16.19.13 - - [19/May/2015:11:05:51 +0000] "GET /blog/tags/puppet?flav=rss20 HTTP/1.1" 200 14872 "http://www.semicomplete.com/blog/tags/puppet?flav=rss20" "Tiny Tiny RSS/1.11 (http://tt-rss.org/)"
88.218.141.221 - - [19/May/2015:11:05:08 +0000] "GET /blog/geekery/ssl-latency.html HTTP/1.1" 200 17147 "https://www.google.co.uk/" "Mozilla/5.0 (X11; Linux x86_64) AppleWebKit/537.36 (KHTML, like Gecko) Chrome/32.0.1700.107 Safari/537.36"
88.218.141.221 - - [19/May/2015:11:05:22 +0000] "GET /reset.css HTTP/1.1" 200 1015 "http://www.semicomplete.com/blog/geekery/ssl-latency.html" "Mozilla/5.0 (X11; Linux x86_64) AppleWebKit/537.36 (KHTML, like Gecko) Chrome/32.0.1700.107 Safari/537.36"
88.218.141.221 - - [19/May/2015:11:05:56 +0000] "GET /style2.css HTTP/1.1" 200 4877 "http://www.semicomplete.com/blog/geekery/ssl-latency.html" "Mozilla/5.0 (X11; Linux x86_64) AppleWebKit/537.36 (KHTML, like Gecko) Chrome/32.0.1700.107 Safari/537.36"
88.218.141.221 - - [19/May/2015:11:05:32 +0000] "GET /images/jordan-80.png HTTP/1.1" 200 6146 "http://www.semicomplete.com/blog/geekery/ssl-latency.html" "Mozilla/5.0 (X11; Linux x86_64) AppleWebKit/537.36 (KHTML, like Gecko) Chrome/32.0.1700.107 Safari/537.36"
88.218.141.221 - - [19/May/2015:11:05:42 +0000] "GET /images/web/2009/banner.png HTTP/1.1" 200 52315 "http://www.semicomplete.com/blog/geekery/ssl-latency.html" "Mozilla/5.0 (X11; Linux x86_64) AppleWebKit/537.36 (KHTML, like Gecko) Chrome/32.0.1700.107 Safari/537.36"
88.172.188.129 - - [19/May/2015:11:05:23 +0000] "GET /projects/xdotool/xdotool.xhtml HTTP/1.1" 200 50112 "http://www.google.fr/url?sa=t&rct=j&q=&esrc=s&source=web&cd=1&ved=0CC8QFjAA&url=http%3A%2F%2Fwww.semicomplete.com%2Fprojects%2Fxdotool%2Fxdotool.xhtml&ei=aOMBU6ewCs7J0AX6koGYBw&usg=AFQjCNFwZFAI0RQdN_N0kFH-oj8cLsJRNQ&bvm=bv.61535280,d.d2k&cad=rja" "Mozilla/5.0 (X11; Ubuntu; Linux x86_64; rv:27.0) Gecko/20100101 Firefox/27.0"
88.172.188.129 - - [19/May/2015:11:05:48 +0000] "GET /favicon.ico HTTP/1.1" 200 3638 "-" "Mozilla/5.0 (X11; Ubuntu; Linux x86_64; rv:27.0) Gecko/20100101 Firefox/27.0"
88.218.141.221 - - [19/May/2015:11:05:36 +0000] "GET /favicon.ico HTTP/1.1" 200 3638 "-" "Mozilla/5.0 (X11; Linux x86_64) AppleWebKit/537.36 (KHTML, like Gecko) Chrome/32.0.1700.107 Safari/537.36"
188.40.60.225 - - [19/May/2015:11:05:50 +0000] "GET / HTTP/1.1" 200 37932 "-" "Mozilla/5.0 (Windows; U; Windows NT 5.1; en; rv:1.9.1.3) Gecko/20090824 Firefox/3.5.3"
178.255.215.71 - - [19/May/2015:11:05:04 +0000] "GET /blog/geekery/zsh-disable-cd-username.html HTTP/1.1" 200 9183 "-" "Mozilla/5.0 (compatible; Exabot/3.0; +http://www.exabot.com/go/robot)"
203.116.198.120 - - [19/May/2015:11:05:40 +0000] "GET /files/logstash/logstash-1.1.0-monolithic.jar HTTP/1.1" 200 40923996 "http://logstash.net/docs/1.1.0/tutorials/getting-started-simple" "Mozilla/5.0 (Windows NT 6.1; WOW64; rv:27.0) Gecko/20100101 Firefox/27.0"
107.170.40.204 - - [19/May/2015:11:05:26 +0000] "GET /?flav=atom HTTP/1.1" 200 32352 "-" "Feedbin - 1 subscribers"
212.39.97.114 - - [19/May/2015:11:05:49 +0000] "GET /projects/xdotool/ HTTP/1.1" 200 12292 "https://www.google.ba/" "Mozilla/5.0 (X11; Linux i686) AppleWebKit/537.36 (KHTML, like Gecko) Chrome/32.0.1700.107 Safari/537.36"
46.118.116.232 - - [19/May/2015:11:05:25 +0000] "GET / HTTP/1.0" 200 37932 "http://semicomplete.com/" "Mozilla/5.0 (Windows NT 5.1; rv:8.0) Gecko/20100101 Firefox/8.0"
193.244.33.47 - - [19/May/2015:11:05:55 +0000] "GET /presentations/logstash-puppetconf-2012/ HTTP/1.1" 200 37269 "http://logstash.net/docs/1.3.3/learn" "Mozilla/5.0 (compatible; MSIE 9.0; Windows NT 6.1; WOW64; Trident/5.0)"
193.244.33.47 - - [19/May/2015:11:05:34 +0000] "GET /presentations/logstash-puppetconf-2012/lib/css/zenburn.css HTTP/1.1" 200 1791 "http://semicomplete.com/presentations/logstash-puppetconf-2012/" "Mozilla/5.0 (compatible; MSIE 9.0; Windows NT 6.1; WOW64; Trident/5.0)"
193.244.33.47 - - [19/May/2015:11:05:20 +0000] "GET /presentations/logstash-puppetconf-2012/css/reset.css HTTP/1.1" 200 1382 "http://semicomplete.com/presentations/logstash-puppetconf-2012/" "Mozilla/5.0 (compatible; MSIE 9.0; Windows NT 6.1; WOW64; Trident/5.0)"
193.244.33.47 - - [19/May/2015:11:05:18 +0000] "GET /presentations/logstash-puppetconf-2012/css/print.css HTTP/1.1" 200 3995 "http://semicomplete.com/presentations/logstash-puppetconf-2012/" "Mozilla/5.0 (compatible; MSIE 9.0; Windows NT 6.1; WOW64; Trident/5.0)"
193.244.33.47 - - [19/May/2015:11:05:08 +0000] "GET /presentations/logstash-puppetconf-2012/images/office-space-printer-beat-down-gif.gif HTTP/1.1" 404 364 "http://semicomplete.com/presentations/logstash-puppetconf-2012/" "Mozilla/5.0 (compatible; MSIE 9.0; Windows NT 6.1; WOW64; Trident/5.0)"
193.244.33.47 - - [19/May/2015:11:05:55 +0000] "GET /presentations/logstash-puppetconf-2012/css/main.css HTTP/1.1" 200 26498 "http://semicomplete.com/presentations/logstash-puppetconf-2012/" "Mozilla/5.0 (compatible; MSIE 9.0; Windows NT 6.1; WOW64; Trident/5.0)"
193.244.33.47 - - [19/May/2015:11:05:41 +0000] "GET /presentations/logstash-puppetconf-2012/images/psychoaxe.jpg HTTP/1.1" 200 29179 "http://semicomplete.com/presentations/logstash-puppetconf-2012/" "Mozilla/5.0 (compatible; MSIE 9.0; Windows NT 6.1; WOW64; Trident/5.0)"
193.244.33.47 - - [19/May/2015:11:05:52 +0000] "GET /presentations/logstash-puppetconf-2012/images/nagios-sms3.png HTTP/1.1" 200 65917 "http://semicomplete.com/presentations/logstash-puppetconf-2012/" "Mozilla/5.0 (compatible; MSIE 9.0; Windows NT 6.1; WOW64; Trident/5.0)"
193.244.33.47 - - [19/May/2015:11:05:40 +0000] "GET /presentations/logstash-puppetconf-2012/images/nagios-sms2.png HTTP/1.1" 200 60656 "http://semicomplete.com/presentations/logstash-puppetconf-2012/" "Mozilla/5.0 (compatible; MSIE 9.0; Windows NT 6.1; WOW64; Trident/5.0)"
193.244.33.47 - - [19/May/2015:11:05:07 +0000] "GET /presentations/logstash-puppetconf-2012/images/nagios-sms1.png HTTP/1.1" 200 55478 "http://semicomplete.com/presentations/logstash-puppetconf-2012/" "Mozilla/5.0 (compatible; MSIE 9.0; Windows NT 6.1; WOW64; Trident/5.0)"
193.244.33.47 - - [19/May/2015:11:05:02 +0000] "GET /presentations/logstash-puppetconf-2012/images/nagios-sms4.png HTTP/1.1" 200 72949 "http://semicomplete.com/presentations/logstash-puppetconf-2012/" "Mozilla/5.0 (compatible; MSIE 9.0; Windows NT 6.1; WOW64; Trident/5.0)"
193.244.33.47 - - [19/May/2015:11:05:34 +0000] "GET /presentations/logstash-puppetconf-2012/images/xkcd-perlswing-many.png HTTP/1.1" 200 100207 "http://semicomplete.com/presentations/logstash-puppetconf-2012/" "Mozilla/5.0 (compatible; MSIE 9.0; Windows NT 6.1; WOW64; Trident/5.0)"
193.244.33.47 - - [19/May/2015:11:05:28 +0000] "GET /presentations/logstash-puppetconf-2012/css/preso.css HTTP/1.1" 200 659 "http://semicomplete.com/presentations/logstash-puppetconf-2012/" "Mozilla/5.0 (compatible; MSIE 9.0; Windows NT 6.1; WOW64; Trident/5.0)"
193.244.33.47 - - [19/May/2015:11:05:59 +0000] "GET /presentations/logstash-puppetconf-2012/images/computer-keyboard-jacket.jpg HTTP/1.1" 200 176805 "http://semicomplete.com/presentations/logstash-puppetconf-2012/" "Mozilla/5.0 (compatible; MSIE 9.0; Windows NT 6.1; WOW64; Trident/5.0)"
193.244.33.47 - - [19/May/2015:11:05:40 +0000] "GET /presentations/logstash-puppetconf-2012/images/logstash.png HTTP/1.1" 200 47731 "http://semicomplete.com/presentations/logstash-puppetconf-2012/" "Mozilla/5.0 (compatible; MSIE 9.0; Windows NT 6.1; WOW64; Trident/5.0)"
193.244.33.47 - - [19/May/2015:11:05:09 +0000] "GET /presentations/logstash-puppetconf-2012/images/lifecycle.png HTTP/1.1" 200 9618 "http://semicomplete.com/presentations/logstash-puppetconf-2012/" "Mozilla/5.0 (compatible; MSIE 9.0; Windows NT 6.1; WOW64; Trident/5.0)"
193.244.33.47 - - [19/May/2015:11:05:03 +0000] "GET /presentations/logstash-puppetconf-2012/images/frontend-response-codes.png HTTP/1.1" 200 52878 "http://semicomplete.com/presentations/logstash-puppetconf-2012/" "Mozilla/5.0 (compatible; MSIE 9.0; Windows NT 6.1; WOW64; Trident/5.0)"
193.244.33.47 - - [19/May/2015:11:05:40 +0000] "GET /presentations/logstash-puppetconf-2012/images/kibana-chef-hits-6min-each.png HTTP/1.1" 200 80555 "http://semicomplete.com/presentations/logstash-puppetconf-2012/" "Mozilla/5.0 (compatible; MSIE 9.0; Windows NT 6.1; WOW64; Trident/5.0)"
193.244.33.47 - - [19/May/2015:11:05:50 +0000] "GET /presentations/logstash-puppetconf-2012/images/kibana-logstash-downloads.png HTTP/1.1" 200 95058 "http://semicomplete.com/presentations/logstash-puppetconf-2012/" "Mozilla/5.0 (compatible; MSIE 9.0; Windows NT 6.1; WOW64; Trident/5.0)"
193.244.33.47 - - [19/May/2015:11:05:34 +0000] "GET /presentations/logstash-puppetconf-2012/images/trollface.png HTTP/1.1" 200 58123 "http://semicomplete.com/presentations/logstash-puppetconf-2012/" "Mozilla/5.0 (compatible; MSIE 9.0; Windows NT 6.1; WOW64; Trident/5.0)"
193.244.33.47 - - [19/May/2015:11:05:23 +0000] "GET /presentations/logstash-puppetconf-2012/images/stats-negative-min.png HTTP/1.1" 200 46139 "http://semicomplete.com/presentations/logstash-puppetconf-2012/" "Mozilla/5.0 (compatible; MSIE 9.0; Windows NT 6.1; WOW64; Trident/5.0)"
193.244.33.47 - - [19/May/2015:11:05:13 +0000] "GET /presentations/logstash-puppetconf-2012/images/sysadvent.png HTTP/1.1" 200 108497 "http://semicomplete.com/presentations/logstash-puppetconf-2012/" "Mozilla/5.0 (compatible; MSIE 9.0; Windows NT 6.1; WOW64; Trident/5.0)"
193.244.33.47 - - [19/May/2015:11:05:49 +0000] "GET /presentations/logstash-puppetconf-2012/lib/js/head.min.js HTTP/1.1" 200 3170 "http://semicomplete.com/presentations/logstash-puppetconf-2012/" "Mozilla/5.0 (compatible; MSIE 9.0; Windows NT 6.1; WOW64; Trident/5.0)"
193.244.33.47 - - [19/May/2015:11:05:59 +0000] "GET /presentations/logstash-puppetconf-2012/images/xkcd-perl.png HTTP/1.1" 200 80663 "http://semicomplete.com/presentations/logstash-puppetconf-2012/" "Mozilla/5.0 (compatible; MSIE 9.0; Windows NT 6.1; WOW64; Trident/5.0)"
193.244.33.47 - - [19/May/2015:11:05:19 +0000] "GET /presentations/logstash-puppetconf-2012/images/kibana-chef-agent.png HTTP/1.1" 200 73187 "http://semicomplete.com/presentations/logstash-puppetconf-2012/" "Mozilla/5.0 (compatible; MSIE 9.0; Windows NT 6.1; WOW64; Trident/5.0)"
193.244.33.47 - - [19/May/2015:11:05:40 +0000] "GET /presentations/logstash-puppetconf-2012/images/apache-negative-duration.png HTTP/1.1" 200 97173 "http://semicomplete.com/presentations/logstash-puppetconf-2012/" "Mozilla/5.0 (compatible; MSIE 9.0; Windows NT 6.1; WOW64; Trident/5.0)"
193.244.33.47 - - [19/May/2015:11:05:14 +0000] "GET /presentations/logstash-puppetconf-2012/images/nagios-sms5.png HTTP/1.1" 200 78075 "http://semicomplete.com/presentations/logstash-puppetconf-2012/" "Mozilla/5.0 (compatible; MSIE 9.0; Windows NT 6.1; WOW64; Trident/5.0)"
193.244.33.47 - - [19/May/2015:11:05:20 +0000] "GET /presentations/logstash-puppetconf-2012/images/nagios-sms6.png HTTP/1.1" 200 82859 "http://semicomplete.com/presentations/logstash-puppetconf-2012/" "Mozilla/5.0 (compatible; MSIE 9.0; Windows NT 6.1; WOW64; Trident/5.0)"
193.244.33.47 - - [19/May/2015:11:05:17 +0000] "GET /presentations/logstash-puppetconf-2012/images/pc-load-letter.jpg HTTP/1.1" 200 71808 "http://semicomplete.com/presentations/logstash-puppetconf-2012/" "Mozilla/5.0 (compatible; MSIE 9.0; Windows NT 6.1; WOW64; Trident/5.0)"
193.244.33.47 - - [19/May/2015:11:05:19 +0000] "GET /presentations/logstash-puppetconf-2012/lib/js/classList.js HTTP/1.1" 200 1582 "http://semicomplete.com/presentations/logstash-puppetconf-2012/" "Mozilla/5.0 (compatible; MSIE 9.0; Windows NT 6.1; WOW64; Trident/5.0)"
193.244.33.47 - - [19/May/2015:11:05:55 +0000] "GET /presentations/logstash-puppetconf-2012/js/reveal.js HTTP/1.1" 200 29108 "http://semicomplete.com/presentations/logstash-puppetconf-2012/" "Mozilla/5.0 (compatible; MSIE 9.0; Windows NT 6.1; WOW64; Trident/5.0)"
193.244.33.47 - - [19/May/2015:11:05:07 +0000] "GET /presentations/logstash-puppetconf-2012/images/logs.jpg HTTP/1.1" 200 663847 "http://semicomplete.com/presentations/logstash-puppetconf-2012/" "Mozilla/5.0 (compatible; MSIE 9.0; Windows NT 6.1; WOW64; Trident/5.0)"
193.244.33.47 - - [19/May/2015:11:05:29 +0000] "GET /presentations/logstash-puppetconf-2012/lib/font/league_gothic-webfont.ttf HTTP/1.1" 200 42324 "http://semicomplete.com/presentations/logstash-puppetconf-2012/" "Mozilla/5.0 (compatible; MSIE 9.0; Windows NT 6.1; WOW64; Trident/5.0)"
193.244.33.47 - - [19/May/2015:11:05:49 +0000] "GET /favicon.ico HTTP/1.1" 200 3638 "-" "Mozilla/5.0 (compatible; MSIE 9.0; Windows NT 6.1; WOW64; Trident/5.0)"
125.237.203.218 - - [19/May/2015:11:05:39 +0000] "GET /presentations/logstash-scale11x/images/ahhh___rage_face_by_samusmmx-d5g5zap.png HTTP/1.1" 200 175208 "http://www.s-chassis.co.nz/viewtopic.php?f=16&t=9265&start=200" "Mozilla/5.0 (Windows NT 6.1; WOW64) AppleWebKit/537.36 (KHTML, like Gecko) Chrome/32.0.1700.107 Safari/537.36"
46.105.14.53 - - [19/May/2015:11:05:41 +0000] "GET /blog/tags/puppet?flav=rss20 HTTP/1.1" 200 14872 "-" "UniversalFeedParser/4.2-pre-314-svn +http://feedparser.org/"
49.14.115.120 - - [19/May/2015:11:05:54 +0000] "GET /images/googledotcom.png HTTP/1.1" 200 65748 "-" "Micromax X351/R2AE SEMC-Browser/4.0.3 Profile/MIDP-2.0 Configuration/CLDC-1.1"
66.249.73.135 - - [19/May/2015:11:05:19 +0000] "GET /blog/tags/web HTTP/1.1" 200 44019 "-" "Mozilla/5.0 (iPhone; CPU iPhone OS 6_0 like Mac OS X) AppleWebKit/536.26 (KHTML, like Gecko) Version/6.0 Mobile/10A5376e Safari/8536.25 (compatible; Googlebot/2.1; +http://www.google.com/bot.html)"
74.125.176.144 - - [19/May/2015:11:05:06 +0000] "GET /?flav=rss20 HTTP/1.1" 200 29941 "-" "FeedBurner/1.0 (http://www.FeedBurner.com)"
183.87.253.120 - - [19/May/2015:11:05:29 +0000] "GET /blog/geekery/ssl-latency.html HTTP/1.1" 200 17147 "https://www.google.co.in/" "Mozilla/5.0 (Macintosh; Intel Mac OS X 10_8_4) AppleWebKit/537.36 (KHTML, like Gecko) Chrome/32.0.1700.107 Safari/537.36"
183.87.253.120 - - [19/May/2015:11:05:15 +0000] "GET /reset.css HTTP/1.1" 200 1015 "http://www.semicomplete.com/blog/geekery/ssl-latency.html" "Mozilla/5.0 (Macintosh; Intel Mac OS X 10_8_4) AppleWebKit/537.36 (KHTML, like Gecko) Chrome/32.0.1700.107 Safari/537.36"
183.87.253.120 - - [19/May/2015:11:05:07 +0000] "GET /style2.css HTTP/1.1" 200 4877 "http://www.semicomplete.com/blog/geekery/ssl-latency.html" "Mozilla/5.0 (Macintosh; Intel Mac OS X 10_8_4) AppleWebKit/537.36 (KHTML, like Gecko) Chrome/32.0.1700.107 Safari/537.36"
183.87.253.120 - - [19/May/2015:11:05:14 +0000] "GET /images/jordan-80.png HTTP/1.1" 200 6146 "http://www.semicomplete.com/blog/geekery/ssl-latency.html" "Mozilla/5.0 (Macintosh; Intel Mac OS X 10_8_4) AppleWebKit/537.36 (KHTML, like Gecko) Chrome/32.0.1700.107 Safari/537.36"
183.87.253.120 - - [19/May/2015:11:05:03 +0000] "GET /images/web/2009/banner.png HTTP/1.1" 200 52315 "http://www.semicomplete.com/blog/geekery/ssl-latency.html" "Mozilla/5.0 (Macintosh; Intel Mac OS X 10_8_4) AppleWebKit/537.36 (KHTML, like Gecko) Chrome/32.0.1700.107 Safari/537.36"
183.87.253.120 - - [19/May/2015:11:05:56 +0000] "GET /favicon.ico HTTP/1.1" 200 3638 "-" "Mozilla/5.0 (Macintosh; Intel Mac OS X 10_8_4) AppleWebKit/537.36 (KHTML, like Gecko) Chrome/32.0.1700.107 Safari/537.36"
198.46.149.143 - - [19/May/2015:11:05:07 +0000] "GET /blog/geekery/disabling-battery-in-ubuntu-vms.html?utm_source=feedburner&utm_medium=feed&utm_campaign=Feed%3A+semicomplete%2Fmain+%28semicomplete.com+-+Jordan+Sissel%29 HTTP/1.1" 200 9316 "-" "Tiny Tiny RSS/1.11 (http://tt-rss.org/)"
78.46.140.200 - - [19/May/2015:11:05:27 +0000] "GET /misc/sample.log HTTP/1.1" 200 54306753 "http://www.semicomplete.com/" "Mozilla/5.0 (Macintosh; Intel Mac OS X 10.7; rv:22.0) Gecko/20100101 Firefox/22.0"
198.46.149.143 - - [19/May/2015:11:05:36 +0000] "GET /blog/geekery/solving-good-or-bad-problems.html?utm_source=feedburner&utm_medium=feed&utm_campaign=Feed%3A+semicomplete%2Fmain+%28semicomplete.com+-+Jordan+Sissel%29 HTTP/1.1" 200 10756 "-" "Tiny Tiny RSS/1.11 (http://tt-rss.org/)"
80.239.169.204 - - [19/May/2015:11:05:21 +0000] "GET /blog/geekery/puppet-nodeless-configuration HTTP/1.1" 200 10301 "http://www.google.com/url?q=http%3A%2F%2Fwww.semicomplete.com%2Fblog%2Fgeekery%2Fpuppet-nodeless-configuration&sa=D&sntz=1&usg=AFQjCNGgwd3fe1S5l1QO4JL2QXkdKP66Qw" "Opera/9.80 (X11; Linux x86_64; U; en) Presto/2.10.289 Version/12.02"
80.239.169.204 - - [19/May/2015:11:05:41 +0000] "GET /images/jordan-80.png HTTP/1.1" 200 6146 "http://www.semicomplete.com/blog/geekery/puppet-nodeless-configuration" "Opera/9.80 (X11; Linux x86_64; U; en) Presto/2.10.289 Version/12.02"
80.239.169.204 - - [19/May/2015:11:05:00 +0000] "GET /reset.css HTTP/1.1" 200 1015 "http://www.semicomplete.com/blog/geekery/puppet-nodeless-configuration" "Opera/9.80 (X11; Linux x86_64; U; en) Presto/2.10.289 Version/12.02"
80.239.169.204 - - [19/May/2015:11:05:24 +0000] "GET /style2.css HTTP/1.1" 200 4877 "http://www.semicomplete.com/blog/geekery/puppet-nodeless-configuration" "Opera/9.80 (X11; Linux x86_64; U; en) Presto/2.10.289 Version/12.02"
80.239.169.204 - - [19/May/2015:11:05:31 +0000] "GET /favicon.ico HTTP/1.1" 200 3638 "http://www.semicomplete.com/blog/geekery/puppet-nodeless-configuration" "Opera/9.80 (X11; Linux x86_64; U; en) Presto/2.10.289 Version/12.02"
80.239.169.204 - - [19/May/2015:11:05:21 +0000] "GET /images/web/2009/banner.png HTTP/1.1" 200 52315 "http://www.semicomplete.com/blog/geekery/puppet-nodeless-configuration" "Opera/9.80 (X11; Linux x86_64; U; en) Presto/2.10.289 Version/12.02"
78.46.140.200 - - [19/May/2015:11:05:39 +0000] "GET /blog/geekery/mounting-partitions-within-a-disk-image-in-linux.html HTTP/1.1" 200 9699 "http://www.semicomplete.com/" "Mozilla/5.0 (Macintosh; Intel Mac OS X 10.7; rv:22.0) Gecko/20100101 Firefox/22.0"
193.244.33.47 - - [19/May/2015:11:05:18 +0000] "GET /presentations/logstash-puppetconf-2012/images/office-space-printer-beat-down-gif.gif HTTP/1.1" 404 364 "http://semicomplete.com/presentations/logstash-puppetconf-2012/" "Mozilla/5.0 (compatible; MSIE 9.0; Windows NT 6.1; WOW64; Trident/5.0)"
217.69.133.234 - - [19/May/2015:11:05:01 +0000] "GET /robots.txt HTTP/1.1" 200 - "-" "Mozilla/5.0 (compatible; Linux x86_64; Mail.RU_Bot/2.0; +http://go.mail.ru/help/robots)"
217.69.133.236 - - [19/May/2015:11:05:06 +0000] "GET /presentations/logstash-scale11x/ HTTP/1.1" 304 - "-" "Mozilla/5.0 (compatible; Linux x86_64; Mail.RU_Bot/2.0; +http://go.mail.ru/help/robots)"
143.233.204.28 - - [19/May/2015:11:05:43 +0000] "GET /blog/geekery/ssl-latency.html HTTP/1.0" 200 17147 "http://mishura-optom.ru/novosti/78-ukrasheniya-zhilya-s-pomoshchyu-novogodnej-mishury-chast-1" "Mozilla/5.0 (Windows NT 5.1) AppleWebKit/537.11 (KHTML, like Gecko) Chrome/23.0.1271.91 Safari/537.11"
89.182.254.89 - - [19/May/2015:11:05:04 +0000] "SALLYSTEALER : Login:  /favicon.ico HTTP/1.1" 200 3638 "-" "Mozilla/5.0 (X11; Linux x86_64; rv:25.0) Gecko/20100101 Firefox/25.0"
143.233.204.28 - - [19/May/2015:11:05:25 +0000] "GET /blog/geekery/ssl-latency.html HTTP/1.0" 200 17147 "http://mishura-optom.ru/novosti/78-ukrasheniya-zhilya-s-pomoshchyu-novogodnej-mishury-chast-1" "Opera/9.80 (Windows NT 6.1; U; ru) Presto/2.7.39 Version/11.00"
143.233.204.28 - - [19/May/2015:11:05:05 +0000] "GET /blog/geekery/ssl-latency.html HTTP/1.0" 200 17147 "http://mishura-optom.ru/novosti/78-ukrasheniya-zhilya-s-pomoshchyu-novogodnej-m
